########## should_catch_stderr ##########
this
is
error
output
