########## a_case_in_subdir_with_different_jregr ##########
a_case_in_subdir_with_different_jregr.test 
