########## a_case_in_subdir ##########
a_case_in_subdir.tst 
